// Jest Snapshot v1, https://goo.gl/fbAQLP

exports[`H1 renders correctly 1`] = `
.c0 {
  margin-top: 3em;
  font-size: 2em;
  color: #fff;
  font-weight: 700;
}

@media (min-width:728px) {
  .c0 {
    font-size: 2.5em;
  }
}

<h1
  class="c0"
/>
`;
