// Jest Snapshot v1, https://goo.gl/fbAQLP

exports[`Search renders correctly 1`] = `
<div
  class="sc-htpNat bmgMfx"
/>
`;
